================================================================================
moviesapi.to movie/680
Status: 200 | CT: text/html | Len: 656
Iframes: []
M3U8: []
APIs: []
Scripts: ['/assets/index-D8wdr6sj.js']
Sources: ['/assets/index-D8wdr6sj.js']
Body preview: <!doctype html>
<html lang="en">

<head>
  <meta charset="UTF-8" />
  <link rel="icon" type="image/svg+xml" href="/vite.svg" />
  <meta name="viewport" content="width=device-width, initial-scale=1.0" />
  <title>VIDFLIX</title>
  <link href="https://fonts.googleapis.com/css2?family=Outfit:wght@300;400;600;800&display=swap" rel="stylesheet">
  <link rel="stylesheet" href="https://cdnjs.cloudflare.com/ajax/libs/font-awesome/6.4.0/css/all.min.css">
  <script type="module" crossorigin src="/assets/index-D8wdr6sj.js"></script>
  <link rel="stylesheet" crossorigin href="/assets/index-BEz8IesQ.css">
</head>

<body>
  <div id="root"></div>
</body>

</html>

================================================================================
smashystream embed TMDB=680
Status: 200 | CT: text/html; charset=utf-8 | Len: 24811
Scripts: ['/assets/index-Dg7MxtkJ.js']
Fetches: []
APIs: []
Sources: []
Body preview: <!doctype html>
<html lang="en">
  <head>
    <meta charset="UTF-8" />
    <link rel="icon" type="image/svg+xml" href="/icon.png" />
    <meta name="viewport" content="width=device-width, initial-scale=1.0" />
    <meta name='admaven-placement' content=BrHs7qdY9>
    <title>Smashystream Player</title>

  
    <style>
      body, html {
  margin: 0;
  padding: 0;
  overflow: hidden;  }
  .grecaptcha-badge { visibility: hidden; }
    </style>

    <script>
 
      window.dataLayer = window.dataLayer || [];
      function gtag(){dataLayer.push(arguments);}
      var _etspv ="2";
      var _0x38427965 ="e";
      var _HST_cnterial= "1"
      gtag('js', new Date());
    
      gtag('config', 'G-EXPW1TBVRJ');
      
    </script>
    <script type="module" crossorigin src="/assets/index-Dg7MxtkJ.

================================================================================
nontongo.win movie/680
Status: 200 | CT: text/html; charset=UTF-8 | Len: 9383
Iframes: []
Fetches: []
APIs/streams: []
M3U8: []
Body preview: <!DOCTYPE html><html><head><meta charset=""><meta http-equiv="X-UA-Compatible" content="IE=edge"><meta name="viewport" content="width=device-width,initial-scale=1"><meta http-equiv="Cache-Control" content="no-cache, no-store, must-revalidate"><meta name="referrer" content="no-referrer-when-downgrade" /><meta http-equiv="Pragma" content="no-cache"><meta http-equiv="Expires" content="0"><link rel="preconnect" href="//fonts.gstatic.com"><link rel="preconnect" href="//fonts.googleapis.com" crossorigin><link rel="preconnect" href="//fonts.gstatic.com" crossorigin><link rel="preconnect" href="//cdn.jsdelivr.net" crossorigin><link rel="preconnect" href="//image.tmdb.org"><title>Pulp Fiction (1994)</title><link rel="shortcut icon" href="https://nontongo.win/favicon32x32.png" type="image/x-icon"><l

================================================================================
vidsrc.cc v2 with Accept: application/json
Status: 200 | CT: text/html;charset=UTF-8 | Body: <!DOCTYPE html>
<html lang="en">
<head>
  <meta charset="UTF-8" />
  <title>Pulp Fiction (1994)</title>
  <meta name="viewport"
        content="width=device-width, user-scalable=no, initial-scale=1.0, maximum-scale=1.0, minimum-scale=1.0" />
  <meta http-equiv="X-UA-Compatible" content="IE=edge,chrome=1" />
  <meta name="robots" content="noindex, nofollow">
  <meta name="referrer" content="no-referrer-when-downgrade">
  <link rel="icon" href="https://vidsrc.cc/favicon.ico" />
  <link rel="short

================================================================================
moviesapi.club /movie/680 deeper
Status: 200 | CT: text/html; charset=UTF-8 | Len: 3491
Iframes: ['https://ww2.moviesapi.to/movie/680']

================================================================================
embed.su alternatives
  https://www.embed.su/embed/movie/680 => 410 |  | 
  https://embed.su/embed/movie/680 => 0 |  | ERROR: URLError: <urlopen error [Errno 11002] getaddrinfo failed>
